// Jest Snapshot v1, https://goo.gl/fbAQLP

exports[`Pruebas en FirstApp DEbe hacer match con el snapshpt 1`] = `
<div>
  <h1
    data-testid="test-title"
  >
    Hola soty Rafael!!
  </h1>
  <p />
</div>
`;
