// Jest Snapshot v1, https://goo.gl/fbAQLP

exports[`Pruebas en <GifItem /> Debe hacer match con el snapshot 1`] = `
<div>
  <div
    class="card"
  >
    <img
      alt="Title"
      src="http://url.cl/"
    />
    <p>
      Title
    </p>
  </div>
</div>
`;
